// Jest Snapshot v1, https://goo.gl/fbAQLP

exports[`Test on <GifGridItem/> Should be render the component. 1`] = `
<div
  className="card animate__animated animate__flipInX"
>
  <img
    alt=""
    src=""
  />
  <p />
</div>
`;
